[
  [
    "-push-notification.$domain=~github.com",
    [
      527845
    ]
  ],
  [
    "-push-notification/$domain=~github.com",
    [
      527846
    ]
  ],
  [
    "/accusmartwebpush-fire-push-public.js",
    [
      527847
    ]
  ],
  [
    "/al-fb-notification/assets/scripts/al-main-script.js",
    [
      527848
    ]
  ],
  [
    "/amp-user-notification-",
    [
      527849
    ]
  ],
  [
    "/amp-web-push-0.1.js",
    [
      527850
    ]
  ],
  [
    "/assets/www/notification.",
    [
      527851
    ]
  ],
  [
    "/build/push.js",
    [
      527852
    ]
  ],
  [
    "/checkPush.js",
    [
      527853
    ]
  ],
  [
    "/content/js/push.js",
    [
      527854
    ]
  ],
  [
    "/fcmPush.js",
    [
      527855
    ]
  ],
  [
    "/FeedifySW.js",
    [
      527856
    ]
  ],
  [
    "/flying_push.js",
    [
      527857
    ]
  ],
  [
    "/ilabspush.min.js",
    [
      527858
    ]
  ],
  [
    "/inpl.webpush.js",
    [
      527859
    ]
  ],
  [
    "/jquery-notification.js",
    [
      527860
    ]
  ],
  [
    "/jsb/pushnotifications?",
    [
      527861
    ]
  ],
  [
    "/list_notificaciones.php",
    [
      527862
    ]
  ],
  [
    "/maximizly-push.js",
    [
      527863
    ]
  ],
  [
    "/modules/notifications.$domain=~forum.vivaldi.net|~pasty.lus.pm",
    [
      527864
    ]
  ],
  [
    "/mp-web-notification.js",
    [
      527865
    ]
  ],
  [
    "/notification-prod-sw.js",
    [
      527866
    ]
  ],
  [
    "/notification-sw.js",
    [
      527867
    ]
  ],
  [
    "/notification/notify.js",
    [
      527868
    ]
  ],
  [
    "/notifyme.js",
    [
      527869
    ]
  ],
  [
    "/notifyme.min.js",
    [
      527870
    ]
  ],
  [
    "/one-signal.js",
    [
      527871
    ]
  ],
  [
    "/one-signal.min.js",
    [
      527872
    ]
  ],
  [
    "/onesignal.js",
    [
      527873
    ]
  ],
  [
    "/onesignal.min.",
    [
      527874
    ]
  ],
  [
    "/onesignal/manifest.",
    [
      527875
    ]
  ],
  [
    "/onesignalfix.js",
    [
      527876
    ]
  ],
  [
    "/OneSignalSDKUpdaterWorker.js",
    [
      527877
    ]
  ],
  [
    "/OneSignalSDKWorker.js",
    [
      527878
    ]
  ],
  [
    "/perfecty-push-sdk.min.js",
    [
      527879
    ]
  ],
  [
    "/plugins/tfnotifier-wp/swloader.php",
    [
      527880
    ]
  ],
  [
    "/push-notification.js",
    [
      527881
    ]
  ],
  [
    "/push-notification.min.js",
    [
      527882
    ]
  ],
  [
    "/push-notification/*$domain=~upwork.com",
    [
      527883
    ]
  ],
  [
    "/push-notifications.$~stylesheet",
    [
      527884
    ]
  ],
  [
    "/push-notifications/*",
    [
      527885
    ]
  ],
  [
    "/push-notifications?",
    [
      527886
    ]
  ],
  [
    "/push-sw.js",
    [
      527887
    ]
  ],
  [
    "/push-worker-$script",
    [
      527888
    ]
  ],
  [
    "/push-wrap.js",
    [
      527889
    ]
  ],
  [
    "/push/sbscr.js",
    [
      527890
    ]
  ],
  [
    "/push/sbscrp.js",
    [
      527891
    ]
  ],
  [
    "/push/subscribe.js",
    [
      527892
    ]
  ],
  [
    "/push_app.js",
    [
      527893
    ]
  ],
  [
    "/push_notification.js",
    [
      527894
    ]
  ],
  [
    "/push_notification.min.js",
    [
      527895
    ]
  ],
  [
    "/push_notification/*",
    [
      527896
    ]
  ],
  [
    "/push_notifications.js",
    [
      527897
    ]
  ],
  [
    "/push_subscription.js",
    [
      527898
    ]
  ],
  [
    "/pushes/firebase.js",
    [
      527899
    ]
  ],
  [
    "/pushes/notification.js",
    [
      527900
    ]
  ],
  [
    "/PushexSDK.js",
    [
      527901
    ]
  ],
  [
    "/pushly-sdk.min.js",
    [
      527902
    ]
  ],
  [
    "/pushNotification.js",
    [
      527903
    ]
  ],
  [
    "/pushNotifications.js",
    [
      527904
    ]
  ],
  [
    "/pushnotifications/*",
    [
      527905
    ]
  ],
  [
    "/pushNotificationSdkJS.js",
    [
      527906
    ]
  ],
  [
    "/pushpro-lib.js",
    [
      527907
    ]
  ],
  [
    "/pushsubscribe.js",
    [
      527908
    ]
  ],
  [
    "/pushup-notification/push-app.js",
    [
      527909
    ]
  ],
  [
    "/pushup-notification/push-messaging.js",
    [
      527910
    ]
  ],
  [
    "/pushv2.js",
    [
      527911
    ]
  ],
  [
    "/pushwoosh-service-worker.js",
    [
      527912
    ]
  ],
  [
    "/pushwoosh-web-notifications.js",
    [
      527913
    ]
  ],
  [
    "/pushwoosh-web-pushes-http-sdk.js",
    [
      527914
    ]
  ],
  [
    "/pushy-ver.js",
    [
      527915
    ]
  ],
  [
    "/scripts/onesignal.js",
    [
      527916
    ]
  ],
  [
    "/site-notification-desk.min.js",
    [
      527917
    ]
  ],
  [
    "/smio-push-notification/js/frontend_webpush.js",
    [
      527918
    ]
  ],
  [
    "/subscribe-push-notifications.js",
    [
      527919
    ]
  ],
  [
    "/web-push-notifications.js",
    [
      527920
    ]
  ],
  [
    "/web-push.js",
    [
      527921
    ]
  ],
  [
    "/web-push/init.min.js",
    [
      527922
    ]
  ],
  [
    "/webalert-notification.js",
    [
      527923
    ]
  ],
  [
    "/webnotf.js",
    [
      527924
    ]
  ],
  [
    "/webnotification.js",
    [
      527925
    ]
  ],
  [
    "/webpush-production.js",
    [
      527926
    ]
  ],
  [
    "/webpush.js",
    [
      527927
    ]
  ],
  [
    "/webpush.min.js",
    [
      527928
    ]
  ],
  [
    "/webpush_register.php",
    [
      527929
    ]
  ],
  [
    "/webPushNotifications.js",
    [
      527930
    ]
  ],
  [
    "/wonderpush-loader.min.js",
    [
      527931
    ]
  ],
  [
    "/wonderpush.js",
    [
      527932
    ]
  ],
  [
    "/wonderpush.min.js",
    [
      527933
    ]
  ],
  [
    "/wordpress-fire-push-public.js",
    [
      527934
    ]
  ],
  [
    "/wp-notification-bars-public.js",
    [
      527935
    ]
  ],
  [
    "/app-banner/*$xmlhttprequest",
    [
      527936
    ]
  ],
  [
    "/jquery.androidbanner.js",
    [
      527937
    ]
  ],
  [
    "/js-mobile-*/header_$script",
    [
      527938
    ]
  ],
  [
    "/js/jquery.smartbanner.js|",
    [
      527939
    ]
  ],
  [
    "/js/jquery.smartbanner.min.js|",
    [
      527940
    ]
  ],
  [
    "/mobile-welcome-overlay/*$script",
    [
      527941
    ]
  ],
  [
    "/smart-app-banner.js",
    [
      527942
    ]
  ],
  [
    "||api-push.com^$third-party",
    [
      527943
    ]
  ],
  [
    "||azureedge.net/js/cookie_notificacao.min.js",
    [
      527944
    ]
  ],
  [
    "||bildirnet.com^$third-party",
    [
      527945
    ]
  ],
  [
    "||braze.com^$third-party",
    [
      527946
    ]
  ],
  [
    "||cappushino.com^$third-party",
    [
      527947
    ]
  ],
  [
    "||cdn.qgr.ph^$third-party",
    [
      527948
    ]
  ],
  [
    "||cdn.qgraph.io^$third-party",
    [
      527949
    ]
  ],
  [
    "||centrnotify.com^$third-party",
    [
      527950
    ]
  ],
  [
    "||checke.biz^$third-party",
    [
      527951
    ]
  ],
  [
    "||confirmit.com^$third-party",
    [
      527952
    ]
  ],
  [
    "||conforama-push.com^$third-party",
    [
      527953
    ]
  ],
  [
    "||contentsitesrv.com/js/push/$third-party",
    [
      527954
    ]
  ],
  [
    "||css.xjsx.lol^$third-party",
    [
      527955
    ]
  ],
  [
    "||digipush.io^$third-party",
    [
      527956
    ]
  ],
  [
    "||dpns-notifications.com^$third-party",
    [
      527957
    ]
  ],
  [
    "||easyfeeed.com^$third-party",
    [
      527958
    ]
  ],
  [
    "||evolok.net^$third-party",
    [
      527959
    ]
  ],
  [
    "||farteniuson.com^$third-party",
    [
      527960
    ]
  ],
  [
    "||getnotification.me^$third-party",
    [
      527961
    ]
  ],
  [
    "||irpush.com^$third-party",
    [
      527962
    ]
  ],
  [
    "||jubi.ai/buttonbot/$script,third-party",
    [
      527963
    ]
  ],
  [
    "||krakenoptimize.com^$third-party",
    [
      527964
    ]
  ],
  [
    "||luravius.com^$third-party",
    [
      527965
    ]
  ],
  [
    "||medallia.com^*/onsite/embed.js",
    [
      527966
    ]
  ],
  [
    "||neopush.io^$third-party",
    [
      527967
    ]
  ],
  [
    "||news2day.me^$third-party",
    [
      527968
    ]
  ],
  [
    "||notification-time.com^$third-party",
    [
      527969
    ]
  ],
  [
    "||notification.tubecup.net^",
    [
      527970
    ]
  ],
  [
    "||notifications.ltd^$third-party",
    [
      527971
    ]
  ],
  [
    "||notifikuj.cz^$third-party",
    [
      527972
    ]
  ],
  [
    "||notifstation.com^$third-party",
    [
      527973
    ]
  ],
  [
    "||notix.io^$third-party",
    [
      527974
    ]
  ],
  [
    "||ntvsw.com^$third-party",
    [
      527975
    ]
  ],
  [
    "||partishion.com^$third-party",
    [
      527976
    ]
  ],
  [
    "||pathlime.com^$third-party",
    [
      527977
    ]
  ],
  [
    "||popmechanic.ru^$third-party",
    [
      527978
    ]
  ],
  [
    "||propush.net^$third-party",
    [
      527979
    ]
  ],
  [
    "||pt.appirits.com^$third-party",
    [
      527980
    ]
  ],
  [
    "||puscomosca.com^$third-party",
    [
      527981
    ]
  ],
  [
    "||push-centr.com^$third-party",
    [
      527982
    ]
  ],
  [
    "||push-centr.net^$third-party",
    [
      527983
    ]
  ],
  [
    "||push-engage.com^$third-party",
    [
      527984
    ]
  ],
  [
    "||push-notifications.top^$third-party",
    [
      527985
    ]
  ],
  [
    "||push-pro.net^$third-party",
    [
      527986
    ]
  ],
  [
    "||push.asahiinteractive.com^",
    [
      527987
    ]
  ],
  [
    "||push.bytesignal.com^",
    [
      527988
    ]
  ],
  [
    "||push.daksham.in^$third-party",
    [
      527989
    ]
  ],
  [
    "||push.delivery.ethinking.de^",
    [
      527990
    ]
  ],
  [
    "||push.delivery^$third-party",
    [
      527991
    ]
  ],
  [
    "||push.esputnik.com^",
    [
      527992
    ]
  ],
  [
    "||push.getbeamer.com^",
    [
      527993
    ]
  ],
  [
    "||push.knd.ro^",
    [
      527994
    ]
  ],
  [
    "||push.newscraft.io^",
    [
      527995
    ]
  ],
  [
    "||push.reamaze.com^",
    [
      527996
    ]
  ],
  [
    "||push.rollout.io^$third-party",
    [
      527997
    ]
  ],
  [
    "||push.world^$third-party",
    [
      527998
    ]
  ],
  [
    "||pushaddict.com^$third-party",
    [
      527999
    ]
  ],
  [
    "||pushango.com^$third-party",
    [
      528000
    ]
  ],
  [
    "||pushassist.com^$third-party",
    [
      528001
    ]
  ],
  [
    "||pushaya.com^$third-party",
    [
      528002
    ]
  ],
  [
    "||pushbaza.com^$third-party",
    [
      528003
    ]
  ],
  [
    "||pushbots.com^$third-party",
    [
      528004
    ]
  ],
  [
    "||pushbox.info^$third-party",
    [
      528005
    ]
  ],
  [
    "||pushcentr.com^$third-party",
    [
      528006
    ]
  ],
  [
    "||pushchev.info^$third-party",
    [
      528007
    ]
  ],
  [
    "||pushcrew.com^$third-party",
    [
      528008
    ]
  ],
  [
    "||pushdealer.com^$third-party",
    [
      528009
    ]
  ],
  [
    "||pushe.co^$third-party",
    [
      528010
    ]
  ],
  [
    "||pusherapp.com^$third-party",
    [
      528011
    ]
  ],
  [
    "||pushinpage.com^$third-party",
    [
      528012
    ]
  ],
  [
    "||pushinstruments.com^$third-party",
    [
      528013
    ]
  ],
  [
    "||pushio.com^$third-party",
    [
      528014
    ]
  ],
  [
    "||pushjunky.com^$third-party",
    [
      528015
    ]
  ],
  [
    "||pushkahouse.com^$third-party",
    [
      528016
    ]
  ],
  [
    "||pushkaplus.com^$third-party",
    [
      528017
    ]
  ],
  [
    "||pushly.com^$third-party",
    [
      528018
    ]
  ],
  [
    "||pushmaster-cdn.xyz^$third-party",
    [
      528019
    ]
  ],
  [
    "||pushmejs.com^$third-party",
    [
      528020
    ]
  ],
  [
    "||pushnews.eu^$third-party",
    [
      528021
    ]
  ],
  [
    "||pushnotifications.click^$third-party",
    [
      528022
    ]
  ],
  [
    "||pushouse.com^$third-party",
    [
      528023
    ]
  ],
  [
    "||pushowl.com^$third-party",
    [
      528024
    ]
  ],
  [
    "||pushpad.xyz^$third-party",
    [
      528025
    ]
  ],
  [
    "||pushpanda.io^$third-party",
    [
      528026
    ]
  ],
  [
    "||pushpro.io^$third-party",
    [
      528027
    ]
  ],
  [
    "||pushprofit.ru^$third-party",
    [
      528028
    ]
  ],
  [
    "||pushprospush.com^$third-party",
    [
      528029
    ]
  ],
  [
    "||pushpushgo.com^$third-party",
    [
      528030
    ]
  ],
  [
    "||pushstack.it^$third-party",
    [
      528031
    ]
  ],
  [
    "||pushtide.com^$third-party",
    [
      528032
    ]
  ],
  [
    "||pushvip.ru^$third-party",
    [
      528033
    ]
  ],
  [
    "||pushwhy.com^$third-party",
    [
      528034
    ]
  ],
  [
    "||pushy.ai^$third-party",
    [
      528035
    ]
  ],
  [
    "||quarepush.com^$third-party",
    [
      528036
    ]
  ],
  [
    "||quaruzon.com^$third-party",
    [
      528037
    ]
  ],
  [
    "||realpush.media^$third-party",
    [
      528038
    ]
  ],
  [
    "||realpush.network^$third-party",
    [
      528039
    ]
  ],
  [
    "||revpusher.com^$third-party",
    [
      528040
    ]
  ],
  [
    "||sckxppzdm.com^$third-party",
    [
      528041
    ]
  ],
  [
    "||signaly.co^$third-party",
    [
      528042
    ]
  ],
  [
    "||snrcdn.net^$third-party",
    [
      528043
    ]
  ],
  [
    "||spacepush.ru^$third-party",
    [
      528044
    ]
  ],
  [
    "||system-notify.app^$third-party",
    [
      528045
    ]
  ],
  [
    "||ternairsoftware.com/publicwebpush/",
    [
      528046
    ]
  ],
  [
    "||topswp.com^$third-party",
    [
      528047
    ]
  ],
  [
    "||unative.com^$third-party",
    [
      528048
    ]
  ],
  [
    "||viafoura.net/push_handlers.js",
    [
      528049
    ]
  ],
  [
    "||virtualpushplatform.com^$third-party",
    [
      528050
    ]
  ],
  [
    "||webpush.jp^$third-party",
    [
      528051
    ]
  ],
  [
    "||webpushr.com^$third-party",
    [
      528052
    ]
  ],
  [
    "||webpushs.com^$third-party",
    [
      528053
    ]
  ],
  [
    "||whitepush.biz^$third-party",
    [
      528054
    ]
  ],
  [
    "||worldpush.co^$third-party",
    [
      528055
    ]
  ],
  [
    "||wps.relateddigital.com^$third-party",
    [
      528056
    ]
  ],
  [
    "||wpush.biz^$third-party",
    [
      528057
    ]
  ],
  [
    "||wpushsdk.com^$third-party",
    [
      528058
    ]
  ],
  [
    "||xedo.me^$third-party",
    [
      528059
    ]
  ],
  [
    "||youlead.pl/webpushprompt.js",
    [
      528060
    ]
  ],
  [
    "||accengage.net^$third-party",
    [
      528061
    ]
  ],
  [
    "||actirinius.com^$third-party",
    [
      528062
    ]
  ],
  [
    "||aimtell.com^$third-party",
    [
      528063
    ]
  ],
  [
    "||alertme.news^$third-party",
    [
      528064
    ]
  ],
  [
    "||amazonaws.com/cdn.aimtell.com/",
    [
      528065
    ]
  ],
  [
    "||aswpsdkeu.com^$third-party",
    [
      528066
    ]
  ],
  [
    "||aswpsdkus.com^$third-party",
    [
      528067
    ]
  ],
  [
    "||bildirt.com^$third-party",
    [
      528068
    ]
  ],
  [
    "||bosspush.com^$third-party",
    [
      528069
    ]
  ],
  [
    "||browserpusher.com^$third-party",
    [
      528070
    ]
  ],
  [
    "||cdn-sitegainer.com^$third-party",
    [
      528071
    ]
  ],
  [
    "||cleverpush.com^$third-party",
    [
      528072
    ]
  ],
  [
    "||copush.com^$third-party",
    [
      528073
    ]
  ],
  [
    "||cracataum.com^$third-party",
    [
      528074
    ]
  ],
  [
    "||danorenius.com^$third-party",
    [
      528075
    ]
  ],
  [
    "||digitalpush.org^$third-party",
    [
      528076
    ]
  ],
  [
    "||edrone.me^$third-party",
    [
      528077
    ]
  ],
  [
    "||face-push.com^$third-party",
    [
      528078
    ]
  ],
  [
    "||feedify.net^$third-party",
    [
      528079
    ]
  ],
  [
    "||feraciumus.com^$third-party",
    [
      528080
    ]
  ],
  [
    "||fernomius.com^$third-party",
    [
      528081
    ]
  ],
  [
    "||fkondate.com^$third-party",
    [
      528082
    ]
  ],
  [
    "||foxpush.com^$third-party",
    [
      528083
    ]
  ],
  [
    "||foxpush.net^$third-party",
    [
      528084
    ]
  ],
  [
    "||getback.ch^$third-party",
    [
      528085
    ]
  ],
  [
    "||getpush.net^$third-party",
    [
      528086
    ]
  ],
  [
    "||getpushmonkey.com^$third-party",
    [
      528087
    ]
  ],
  [
    "||gravitec.net^$third-party",
    [
      528088
    ]
  ],
  [
    "||heroesdom.com^$third-party",
    [
      528089
    ]
  ],
  [
    "||jeeng.com^$third-party",
    [
      528090
    ]
  ],
  [
    "||kattepush.com^$third-party",
    [
      528091
    ]
  ],
  [
    "||master-push.com^$third-party",
    [
      528092
    ]
  ],
  [
    "||master-push.net^$third-party",
    [
      528093
    ]
  ],
  [
    "||misrepush.com^$third-party",
    [
      528094
    ]
  ],
  [
    "||moengage.com^$third-party",
    [
      528095
    ]
  ],
  [
    "||mp3vizor.com^$third-party",
    [
      528096
    ]
  ],
  [
    "||najva.com^$third-party",
    [
      528097
    ]
  ],
  [
    "||nativesubscribe.pro^$third-party",
    [
      528098
    ]
  ],
  [
    "||notifadz.com^$third-party",
    [
      528099
    ]
  ],
  [
    "||notifpush.com^$third-party",
    [
      528100
    ]
  ],
  [
    "||notify.solutions^$third-party",
    [
      528101
    ]
  ],
  [
    "||olgtex.com^$third-party",
    [
      528102
    ]
  ],
  [
    "||on-push.com^$third-party",
    [
      528103
    ]
  ],
  [
    "||onepush.app^$third-party",
    [
      528104
    ]
  ],
  [
    "||provesrc.com^$third-party",
    [
      528105
    ]
  ],
  [
    "||psh.one^$third-party",
    [
      528106
    ]
  ],
  [
    "||push-ad.com^$third-party",
    [
      528107
    ]
  ],
  [
    "||push-free.com^$third-party",
    [
      528108
    ]
  ],
  [
    "||pushalert.co^$third-party",
    [
      528109
    ]
  ],
  [
    "||pushbird.com^$third-party",
    [
      528110
    ]
  ],
  [
    "||pushbullet.com^$third-party",
    [
      528111
    ]
  ],
  [
    "||pushengage.com^$third-party",
    [
      528112
    ]
  ],
  [
    "||pushex.io^$third-party",
    [
      528113
    ]
  ],
  [
    "||pushible.com^$third-party",
    [
      528114
    ]
  ],
  [
    "||pushify.com^$third-party",
    [
      528115
    ]
  ],
  [
    "||pushwoosh.com^$third-party",
    [
      528116
    ]
  ],
  [
    "||reprocautious.com^$third-party",
    [
      528117
    ]
  ],
  [
    "||sendpulse.com^$third-party",
    [
      528118
    ]
  ],
  [
    "||setrowid.com^$third-party",
    [
      528119
    ]
  ],
  [
    "||shroughtened.com^$third-party",
    [
      528120
    ]
  ],
  [
    "||sm-epsilon.com^$third-party",
    [
      528121
    ]
  ],
  [
    "||snd.tc^$third-party",
    [
      528122
    ]
  ],
  [
    "||subscribers.com^$third-party",
    [
      528123
    ]
  ],
  [
    "||truenat.bid^$third-party",
    [
      528124
    ]
  ],
  [
    "||truepush.com^$third-party",
    [
      528125
    ]
  ],
  [
    "||urbanairship.com^$third-party",
    [
      528126
    ]
  ],
  [
    "||viapush.com^$third-party",
    [
      528127
    ]
  ],
  [
    "||webpu.sh^$third-party",
    [
      528128
    ]
  ],
  [
    "||whiteclick.biz^$third-party",
    [
      528129
    ]
  ],
  [
    "||wnpbdan.bid^$third-party",
    [
      528130
    ]
  ],
  [
    "||wonderpush.com^$third-party",
    [
      528131
    ]
  ],
  [
    "||wwclicknews.club^$third-party",
    [
      528132
    ]
  ],
  [
    "||wwclicktm.club^$third-party",
    [
      528133
    ]
  ],
  [
    "||xtremepush.com^$third-party",
    [
      528134
    ]
  ],
  [
    "||app.adjust.net.in/smart_banner",
    [
      528135
    ]
  ],
  [
    "||mobi24.net^$third-party",
    [
      528136
    ]
  ],
  [
    "/firebase-messaging.js$script,domain=tribunnews.com",
    [
      528137
    ]
  ],
  [
    "||9to5terminal.com/push.js",
    [
      528138
    ]
  ],
  [
    "||abendpoint.com/dist/js/push.js",
    [
      528139
    ]
  ],
  [
    "||alerts.ndtv.com^",
    [
      528140
    ]
  ],
  [
    "||alerts.thedailystar.net^",
    [
      528141
    ]
  ],
  [
    "||alibaba.com/sw.js",
    [
      528142
    ]
  ],
  [
    "||annahar.com/assets/js/notifications.js",
    [
      528143
    ]
  ],
  [
    "||astian.org/?push_notification_sw",
    [
      528144
    ]
  ],
  [
    "||bdstatic.com/linksubmit/push.js",
    [
      528145
    ]
  ],
  [
    "||dailymail.co.uk/api/web-push-notification/",
    [
      528146
    ]
  ],
  [
    "||gadgetsnow.com/sw.cms",
    [
      528147
    ]
  ],
  [
    "||gstatic.com/firebasejs/$domain=joins.com|novayagazeta.eu|packaginginsights.com",
    [
      528148
    ]
  ],
  [
    "||hindustantimes.com/messaging-sw.js",
    [
      528149
    ]
  ],
  [
    "||hindustantimes.com/sw.js",
    [
      528150
    ]
  ],
  [
    "||hindustantimes.com^*/ht-notification-",
    [
      528151
    ]
  ],
  [
    "||hulkprod.anm.co.uk/api/web-push-notification/",
    [
      528152
    ]
  ],
  [
    "||imyfone.com/*/notification/$script",
    [
      528153
    ]
  ],
  [
    "||indiatimes.com/pn/",
    [
      528154
    ]
  ],
  [
    "||iol.co.za/sw.js",
    [
      528155
    ]
  ],
  [
    "||kogan.com/sw.js",
    [
      528156
    ]
  ],
  [
    "||latestdeals.co.uk/sw.js",
    [
      528157
    ]
  ],
  [
    "||msn.com/bundles/v1/homePage/latest/experiences_conditional-banner",
    [
      528158
    ]
  ],
  [
    "||ndtv.com/js/breaking_pushalert_revised.js",
    [
      528159
    ]
  ],
  [
    "||ndtv.com/sw.js",
    [
      528160
    ]
  ],
  [
    "||newsukraine.rbc.ua/sworker.js",
    [
      528161
    ]
  ],
  [
    "||nookazon.com/firebase-messaging-sw.js",
    [
      528162
    ]
  ],
  [
    "||notify.hindustantimes.com^",
    [
      528163
    ]
  ],
  [
    "||phys.org/push-sw.js",
    [
      528164
    ]
  ],
  [
    "||push.cnnindonesia.com^",
    [
      528165
    ]
  ],
  [
    "||push.ictsd.org^",
    [
      528166
    ]
  ],
  [
    "||renaultsport.com/spip.php?page=sw.js",
    [
      528167
    ]
  ],
  [
    "||rottentomatoes.com/service-worker/sw.js",
    [
      528168
    ]
  ],
  [
    "||rt.com/homescreen-sw.js",
    [
      528169
    ]
  ],
  [
    "||sammobile.com/wp-content/plugins/sam-push-notifications/",
    [
      528170
    ]
  ],
  [
    "||scmp.com/sw.js",
    [
      528171
    ]
  ],
  [
    "||seattletimes.com/wp-content/plugins/st-user-messaging/$script",
    [
      528172
    ]
  ],
  [
    "||sportskeeda.com/js/production/web-notifications/",
    [
      528173
    ]
  ],
  [
    "||techwalla.com/push-service-worker.js",
    [
      528174
    ]
  ],
  [
    "||telegraphindia.com/akam-sw.js",
    [
      528175
    ]
  ],
  [
    "||timesnownews.com/sw.js",
    [
      528176
    ]
  ],
  [
    "||ultimedia.com/js/common/notification.js",
    [
      528177
    ]
  ],
  [
    "||weather.com/*.MedalliaSurvey.",
    [
      528178
    ]
  ],
  [
    "||0564.ua/assets/d6ade384/js/alertsWidget.js",
    [
      528179
    ]
  ],
  [
    "||ad-hoc-news.de/js/push.js",
    [
      528180
    ]
  ],
  [
    "||agazeta.com.br/assets/javascript/notification.js",
    [
      528181
    ]
  ],
  [
    "||cnnindonesia.com/sw.js",
    [
      528182
    ]
  ],
  [
    "||dcnews.ro/sm-",
    [
      528183
    ]
  ],
  [
    "||elpais.com.uy/utms.js",
    [
      528184
    ]
  ],
  [
    "||flashscore.fr^*/build/notifications.",
    [
      528185
    ]
  ],
  [
    "||futura-sciences.com/clientscript/push.js",
    [
      528186
    ]
  ],
  [
    "||horoscope.fr/notifications/",
    [
      528187
    ]
  ],
  [
    "||informazione.it/wr/promo-miainfo.js",
    [
      528188
    ]
  ],
  [
    "||metrobilbao.eus/firebase-messaging-sw.js",
    [
      528189
    ]
  ],
  [
    "||push.idowa.de^",
    [
      528190
    ]
  ],
  [
    "||push.neko-san.fr^",
    [
      528191
    ]
  ],
  [
    "||pushme.magellanotech.it^",
    [
      528192
    ]
  ],
  [
    "||tio.ch/js/api.push.js",
    [
      528193
    ]
  ],
  [
    "||tutto.tv/wp-content/plugins/plugin-notifiche-",
    [
      528194
    ]
  ],
  [
    "||uchubiz.com/wp-content/themes/uchubiz/assets/js/push.js",
    [
      528195
    ]
  ],
  [
    "||winnipegfreepress.com/firebase-messaging-sw.js",
    [
      528196
    ]
  ],
  [
    "||browser.geekbench.com/assets/ads/",
    [
      528197
    ]
  ],
  [
    "||static.chrono24.com/lib/generated/js/app-hint-layer.",
    [
      528198
    ]
  ],
  [
    "||tapcart.com/mobile-download-banner/banner-min.js",
    [
      528199
    ]
  ],
  [
    "@@||bostonherald.com^*/webpush.js$script,~third-party",
    [
      528200
    ]
  ],
  [
    "@@||braze.com/api/$domain=dairyqueen.com|deezer.com",
    [
      528201
    ]
  ],
  [
    "@@||forums.opera.com/assets/src/modules/notifications.js$~third-party",
    [
      528202
    ]
  ],
  [
    "@@||inevent.com/js/wizard/pushNotification.js$script,~third-party",
    [
      528203
    ]
  ],
  [
    "@@||learner.mycreds.ca/assets/js/modules/notifications.min.js$~third-party",
    [
      528204
    ]
  ],
  [
    "@@||ledevoir.com/js/web-push.js$script,~third-party",
    [
      528205
    ]
  ],
  [
    "@@||oakley.com^*/notifications.js$~third-party",
    [
      528206
    ]
  ],
  [
    "@@||paste.crdroid.net/assets/js/modules/notifications.js$script,~third-party",
    [
      528207
    ]
  ],
  [
    "@@||snrcdn.net/sdk/3.0/synerise-javascript-sdk.min.js$domain=komputronik.pl",
    [
      528208
    ]
  ],
  [
    "@@||st.mycdn.me/static/*/WebPush.js$script,domain=ok.ru",
    [
      528209
    ]
  ],
  [
    "@@||webpush.jp/js/browserpushv3.js$domain=zakzak.co.jp",
    [
      528210
    ]
  ],
  [
    "@@||anadolu.edu.tr/assets/js/jquery.smartbanner.js$~third-party",
    [
      528211
    ]
  ],
  [
    "@@||assure.ameli.fr^*/smart-app-banner.js$~third-party",
    [
      528212
    ]
  ],
  [
    "@@||mafia.ua/js/jquery.smartbanner.js$script,~third-party",
    [
      528213
    ]
  ],
  [
    "@@||mirage.ru/js/jquery.smartbanner.js$script,~third-party",
    [
      528214
    ]
  ]
]