[
  [
    "sleeknotestaticcontent.sleeknote.com",
    [
      1040551
    ]
  ],
  [
    "||js.driftt.com/include$script",
    [
      1040552
    ]
  ],
  [
    "||assets.ubembed.com/universal$script",
    [
      1040553
    ]
  ],
  [
    "||lightboxcdn.com/vendor$script",
    [
      1040554
    ]
  ],
  [
    "||mailocator.net/_/$script",
    [
      1040555
    ]
  ],
  [
    "cdn1.pdmntn.com",
    [
      1040556
    ]
  ],
  [
    "||static.mailerlite.com/js$script",
    [
      1040557
    ]
  ],
  [
    "||pmdstatic.net/bundle.php$script",
    [
      1040558
    ]
  ],
  [
    "||front.optimonk.com/public/$script",
    [
      1040559
    ]
  ],
  [
    "/wp-content/plugins/newsletter-leads",
    [
      1040560
    ]
  ],
  [
    "||downloads.mailchimp.com/js/signup-forms$script",
    [
      1040561
    ]
  ],
  [
    "||conduit.mailchimpapp.com/js/stores$script",
    [
      1040562
    ]
  ],
  [
    "||a.optmnstr.com/app/js/$script",
    [
      1040563
    ]
  ],
  [
    "||getsocial.io/client$script",
    [
      1040564
    ]
  ],
  [
    "||static.ctctcdn.com/js/signup-form-widget$script,domain=~centerforhealthsecurity.org",
    [
      1040565
    ]
  ],
  [
    "||cdn.justuno.com/mwgt$script",
    [
      1040566
    ]
  ],
  [
    "||a.mailmunch.co/app/$script",
    [
      1040567
    ]
  ],
  [
    "/newsletterPopup.js",
    [
      1040568
    ]
  ],
  [
    "/pmgnews/overlay/newsletter",
    [
      1040569
    ]
  ],
  [
    "||dotmailer-surveys.com/scripts/survey.js$script",
    [
      1040570
    ]
  ],
  [
    "||yieldify.com/yieldify/code.js$script",
    [
      1040571
    ]
  ],
  [
    "||widget.privy.com/assets/widget.js$script",
    [
      1040572
    ]
  ],
  [
    "sumo.b-cdn.net",
    [
      1040573
    ]
  ],
  [
    "||connect.nosto.com/include$script",
    [
      1040574
    ]
  ],
  [
    "||chimpstatic.com/mcjs-connected/js/users$script",
    [
      1040575
    ]
  ],
  [
    "||assets.pcrl.co/js/$script",
    [
      1040576
    ]
  ],
  [
    "/wp-content/plugins/email-subscribers/widget/es-widget-page.js",
    [
      1040577
    ]
  ],
  [
    "||youlead.pl/Scripts/Dynamic.js$script",
    [
      1040578
    ]
  ],
  [
    "||m8.mailplus.nl/genericservice$script",
    [
      1040579
    ]
  ],
  [
    "||restapi.mailplus.nl/integrationservice$script",
    [
      1040580
    ]
  ],
  [
    "||snrcdn.net/sdk/$script",
    [
      1040581
    ]
  ],
  [
    "||cdn.dynamicyield.com/api$script,domain=~haix.de|~bancofalabella.cl|~gymshark.com",
    [
      1040582
    ]
  ],
  [
    "||static.newsletter2go.com/utils.js$script",
    [
      1040583
    ]
  ],
  [
    "/widget/ecNewsletterPopup/*",
    [
      1040584
    ]
  ],
  [
    "||a.optmstr.com/app/js/$script",
    [
      1040585
    ]
  ],
  [
    "||api.autopilothq.com/anywhere/$script",
    [
      1040586
    ]
  ],
  [
    "||c.salecycle.com/osr/config$script",
    [
      1040587
    ]
  ],
  [
    "/wp-content/plugins/thrive-leads/*$domain=~itnator.net",
    [
      1040588
    ]
  ],
  [
    "/wp-content/plugins/bloom/*",
    [
      1040589
    ]
  ],
  [
    "||js.hsleadflows.net/leadflows.js$script",
    [
      1040590
    ]
  ],
  [
    "/clientlib-newsletter.js",
    [
      1040591
    ]
  ],
  [
    "||c.lytics.io/static/pathfora$script",
    [
      1040592
    ]
  ],
  [
    "email-signup-form-popup.js",
    [
      1040593
    ]
  ],
  [
    "||netpeak.cloud/source/js$script",
    [
      1040594
    ]
  ],
  [
    "||bunting.com/call$script",
    [
      1040595
    ]
  ],
  [
    "||cdn.connectif.cloud/cl1/client-script/$script",
    [
      1040596
    ]
  ],
  [
    "/essb-optin-booster.js",
    [
      1040597
    ]
  ],
  [
    "f.convertkit.com",
    [
      1040598
    ]
  ],
  [
    "api.morningcatch.net",
    [
      1040599
    ]
  ],
  [
    "||shopify.privy.com/widget.js$script",
    [
      1040600
    ]
  ],
  [
    "load.sumo.com",
    [
      1040601
    ]
  ],
  [
    "||cdn.listrakbi.com/scripts/script.js$script",
    [
      1040602
    ]
  ],
  [
    "/wp-content/plugins/dreamgrow-scroll-triggered-box/*",
    [
      1040603
    ]
  ],
  [
    "||d3bo67muzbfgtl.cloudfront.net/edrone$script",
    [
      1040604
    ]
  ],
  [
    "/newsletter_modals.min.",
    [
      1040605
    ]
  ],
  [
    "my.hellobar.com",
    [
      1040606
    ]
  ],
  [
    "||screenpopper.com/s-hub$script",
    [
      1040607
    ]
  ],
  [
    "||static.scarabresearch.com/wpjs$script",
    [
      1040608
    ]
  ],
  [
    "||cdn.swellrewards.com/loader$script",
    [
      1040609
    ]
  ],
  [
    "||lifterpopup.com/js/modal.js$script",
    [
      1040610
    ]
  ],
  [
    "||lpages.co/leadbox$script",
    [
      1040611
    ]
  ],
  [
    "||cdn.crall.io/t/client.js$script",
    [
      1040612
    ]
  ],
  [
    "||a.opmnstr.com/app/js/$script",
    [
      1040613
    ]
  ],
  [
    "||app2.salesmanago.pl/dynamic$script",
    [
      1040614
    ]
  ],
  [
    "||se.monetate.net/js/$script",
    [
      1040615
    ]
  ],
  [
    "||cdn.blueconic.net/hearst.js$script",
    [
      1040616
    ]
  ],
  [
    "/js/website/modal-newsletter~rc-module-newsletter",
    [
      1040617
    ]
  ],
  [
    "||cdn.omniconvert.com/js$script",
    [
      1040618
    ]
  ],
  [
    "||cdn.omniconvert.com/async/js$script",
    [
      1040619
    ]
  ],
  [
    "/frosmo.easy.js",
    [
      1040620
    ]
  ],
  [
    "||static-sb.com/js/sb-tracker.js$script",
    [
      1040621
    ]
  ],
  [
    "||mailmojo.no/sdk.js$script",
    [
      1040622
    ]
  ],
  [
    "/wp-content/popupally-pro-scripts",
    [
      1040623
    ]
  ],
  [
    "||media-inea.ipresso.pl/monitoridentification$script",
    [
      1040624
    ]
  ],
  [
    "/wp-content/plugins/mailoptin/*",
    [
      1040625
    ]
  ],
  [
    "||a.optnmnstr.com/app/js/$script",
    [
      1040626
    ]
  ],
  [
    "||static.popmechanic.ru/service/loader.js$script",
    [
      1040627
    ]
  ],
  [
    "static.zotabox.com",
    [
      1040628
    ]
  ],
  [
    "||marketbeat.com/scripts/modal/affiliatepopup.js$script",
    [
      1040629
    ]
  ],
  [
    "||widget.pico.tools/static/js/bundle.js$script",
    [
      1040630
    ]
  ],
  [
    "||powr.io/powr.js$script",
    [
      1040631
    ]
  ],
  [
    "/wp-content/plugins/layered-popups/*",
    [
      1040632
    ]
  ],
  [
    "/wp-content/plugins/mailchimp-for-wp/*",
    [
      1040633
    ]
  ],
  [
    "||bounceexchange.com/tag$script",
    [
      1040634
    ]
  ],
  [
    "tag.bounceexchange.com",
    [
      1040635
    ]
  ],
  [
    "||leadpages.net/leadboxes/current$script",
    [
      1040636
    ]
  ],
  [
    "||flodesk.com/universal$script",
    [
      1040637
    ]
  ],
  [
    "||activehosted.com/f/embed.php$script,domain=~renegade.global",
    [
      1040638
    ]
  ],
  [
    "/wp-content/plugins/99robots-optin-fire/*",
    [
      1040639
    ]
  ],
  [
    "||getresponse.com/view_webform$script",
    [
      1040640
    ]
  ],
  [
    "/gr-popups$script",
    [
      1040641
    ]
  ],
  [
    "||get.exitintel.com/load.js$script",
    [
      1040642
    ]
  ],
  [
    "/popup-by-supsystic/*",
    [
      1040643
    ]
  ],
  [
    "||cdn.jst.ai/mwgt$script",
    [
      1040644
    ]
  ],
  [
    "||milotree.com/container$script",
    [
      1040645
    ]
  ],
  [
    "/zaius-min.js",
    [
      1040646
    ]
  ],
  [
    "/wp-content/plugins/convertplug/*$~image",
    [
      1040647
    ]
  ],
  [
    "/wp-content/plugins/optin-monster/*",
    [
      1040648
    ]
  ],
  [
    ".wisepops.com/get-loader.js",
    [
      1040649
    ]
  ],
  [
    "api.exponea.com",
    [
      1040650
    ]
  ],
  [
    "/ouibounce.min.js",
    [
      1040651
    ]
  ],
  [
    "||bluecore.com/triggermail$script",
    [
      1040652
    ]
  ],
  [
    "||cloudiq.com/tag$script",
    [
      1040653
    ]
  ],
  [
    "||leadpages.net/leadbars/current/embed.js$script",
    [
      1040654
    ]
  ],
  [
    "||s.sloyalty.com/site_media$script",
    [
      1040655
    ]
  ],
  [
    "||klaviyo.com/onsite/js/vendors~signupForms$script",
    [
      1040656
    ]
  ],
  [
    "/vidstore-popups/assets/public/js/newsletter.min.js",
    [
      1040657
    ]
  ],
  [
    "||app-abd.marketo.com/js$script",
    [
      1040658
    ]
  ],
  [
    "||omappapi.com/app$script",
    [
      1040659
    ]
  ],
  [
    "tag.getdrip.com",
    [
      1040660
    ]
  ],
  [
    "||zoho.com/js/optin$script",
    [
      1040661
    ]
  ],
  [
    "/entries?content_type=staticContentBlock&fields.id=email-capture",
    [
      1040662
    ]
  ],
  [
    "||cloud-iq.com/cartrecovery/store.js$script",
    [
      1040663
    ]
  ],
  [
    "/axnewsletter.js",
    [
      1040664
    ]
  ],
  [
    "/wp-content/plugins/popupally",
    [
      1040665
    ]
  ],
  [
    "api.omappapi.com",
    [
      1040666
    ]
  ],
  [
    "/email-capture/email-capture-",
    [
      1040667
    ]
  ],
  [
    "||californiatimes.com/newsletter-campaign-manager$script",
    [
      1040668
    ]
  ],
  [
    "||quitsnap-blue.com/js/os_engine.js$script",
    [
      1040669
    ]
  ],
  [
    "/wp-content/plugins/convertpro/*",
    [
      1040670
    ]
  ],
  [
    "/wp-content/plugins/optin-revolution/*",
    [
      1040671
    ]
  ],
  [
    "||addthis.com/js/300/addthis_widget.js$script",
    [
      1040672
    ]
  ],
  [
    "api-cis.exponea.com",
    [
      1040673
    ]
  ],
  [
    "||api.traq.li/public/sdk$script",
    [
      1040674
    ]
  ],
  [
    "tracking.retargeting.biz",
    [
      1040675
    ]
  ],
  [
    "ping.contactpigeon.com",
    [
      1040676
    ]
  ],
  [
    "/newsletter-invite.js",
    [
      1040677
    ]
  ],
  [
    "/Action-Subscribe-2019.js",
    [
      1040678
    ]
  ],
  [
    "||convertbox.com/convertbox$script,third-party",
    [
      1040679
    ]
  ],
  [
    "||birdsend.co/assets/static/js/pixel/main.js$script",
    [
      1040680
    ]
  ],
  [
    "||hd.koloo.net/oo.js$script",
    [
      1040681
    ]
  ],
  [
    "||receiptful.com/scripts/shopify.js$script",
    [
      1040682
    ]
  ],
  [
    "t2.netsalesmedia.pl",
    [
      1040683
    ]
  ],
  [
    "content.govdelivery.com",
    [
      1040684
    ]
  ],
  [
    "api.pushnami.com",
    [
      1040685
    ]
  ],
  [
    "/js/deploy/syndicated-newsletter",
    [
      1040686
    ]
  ],
  [
    "||klaviyo.com/onsite/js/signup_forms$script,domain=~ufpro.com|~worldwidestereo.com|~salada.com",
    [
      1040687
    ]
  ],
  [
    "popup.popupsmart.com",
    [
      1040688
    ]
  ],
  [
    "/mol-fe-newsletter-popup/*",
    [
      1040689
    ]
  ],
  [
    "cdn.popt.in",
    [
      1040690
    ]
  ],
  [
    "||data.whizeo.com/widgets$script",
    [
      1040691
    ]
  ],
  [
    "||securedvisit.com/js/sv.js$script",
    [
      1040692
    ]
  ],
  [
    "||dev.visualwebsiteoptimizer.com/j.php$script",
    [
      1040693
    ]
  ],
  [
    "||convertkitqa.com/ckjs$script",
    [
      1040694
    ]
  ],
  [
    "||bounceexchange.com/assets/smart-tag$script",
    [
      1040695
    ]
  ],
  [
    "||adoric-om.com/adoric.js$script",
    [
      1040696
    ]
  ],
  [
    "/wp-content/plugins/woo-coupon-box/*",
    [
      1040697
    ]
  ],
  [
    "forms.convertkit.com",
    [
      1040698
    ]
  ],
  [
    "||convertkit.com/assets^$third-party",
    [
      1040699
    ]
  ],
  [
    "||sdks.automizely.com/conversions$script",
    [
      1040700
    ]
  ],
  [
    "cdn.attn.tv",
    [
      1040701
    ]
  ],
  [
    "||cdn.threadloom.com/ga$script",
    [
      1040702
    ]
  ],
  [
    "/js/website/modal-newsletter",
    [
      1040703
    ]
  ],
  [
    "/exponea.min.js",
    [
      1040704
    ]
  ],
  [
    "||newell.evergage.com/beacon$script",
    [
      1040705
    ]
  ],
  [
    "/evergage.min.js",
    [
      1040706
    ]
  ],
  [
    "/klaviyo_subscribe.js",
    [
      1040707
    ]
  ],
  [
    "||mailcampaigns.nl/interface/popup$script",
    [
      1040708
    ]
  ],
  [
    "/next-gen/dist/NewsletterPopup",
    [
      1040709
    ]
  ],
  [
    "forms.smsbump.com",
    [
      1040710
    ]
  ],
  [
    "/mod_motivatingcoupon/facebox/*",
    [
      1040711
    ]
  ],
  [
    "||static.redeal.se/widget/js/redeal.js$script",
    [
      1040712
    ]
  ],
  [
    "||cdn.optinly.net$third-party",
    [
      1040713
    ]
  ],
  [
    "/rg_smartpopup/*",
    [
      1040714
    ]
  ],
  [
    "/alert/email_subscribe/*",
    [
      1040715
    ]
  ],
  [
    "/arengu-newsletter.js",
    [
      1040716
    ]
  ],
  [
    "/popup-newsletter-$script",
    [
      1040717
    ]
  ],
  [
    "||assets.mailerlite.com^$script",
    [
      1040718
    ]
  ],
  [
    "/ps_emailsubscription.js",
    [
      1040719
    ]
  ],
  [
    "||embedded.wishpondpages.com$third-party,subdocument",
    [
      1040720
    ]
  ],
  [
    "/hs-web-interactive-$third-party,subdocument",
    [
      1040721
    ]
  ],
  [
    "/ht_newsletterpopup",
    [
      1040722
    ]
  ],
  [
    "/avada-popup.min.js",
    [
      1040723
    ]
  ],
  [
    "||connectif.cloud^$third-party",
    [
      1040724
    ]
  ],
  [
    "||tr.vitals.co^$third-party",
    [
      1040725
    ]
  ],
  [
    "||optimove.net^$third-party",
    [
      1040726
    ]
  ],
  [
    "||sail-horizon.com^$third-party",
    [
      1040727
    ]
  ],
  [
    "/assets/section-mailing-popup.",
    [
      1040728
    ]
  ],
  [
    "/kadence-conversions.",
    [
      1040729
    ]
  ],
  [
    "||postscript.io^$third-party",
    [
      1040730
    ]
  ],
  [
    "||getsitecontrol.com^$third-party",
    [
      1040731
    ]
  ],
  [
    "||retargeting.newsmanapp.com^$third-party",
    [
      1040732
    ]
  ],
  [
    "||themarketer.com^$third-party",
    [
      1040733
    ]
  ],
  [
    "NotificationDisclaimerControl.js$domain=vontobel.com",
    [
      1040734
    ]
  ],
  [
    "list-builder.js$domain=wanderlust.co.uk",
    [
      1040735
    ]
  ],
  [
    "/amd_modules/newsletter-hover$domain=webmd.com",
    [
      1040736
    ]
  ],
  [
    "/politica-privacidade/lightbox$domain=toysrus.pt",
    [
      1040737
    ]
  ],
  [
    "/opentag-$domain=jet2.com",
    [
      1040738
    ]
  ],
  [
    "global-lightbox.js$domain=drschollsshoes.com",
    [
      1040739
    ]
  ],
  [
    "/wpp-popup-frontend.js$domain=globalvoices.org",
    [
      1040740
    ]
  ],
  [
    "/email.js$domain=tp-link.com",
    [
      1040741
    ]
  ],
  [
    "||ibt-mail.com/view_webform$script,domain=ibtimes.com",
    [
      1040742
    ]
  ],
  [
    "/lightboxform.js$domain=tips.net",
    [
      1040743
    ]
  ],
  [
    "/esm.js$domain=yamahamotorsports.com",
    [
      1040744
    ]
  ],
  [
    "/aiosp-jsonp.js$domain=kleren.com",
    [
      1040745
    ]
  ],
  [
    "/vol-modal/*$domain=thepaintstore.com",
    [
      1040746
    ]
  ],
  [
    "||imimg.com/js/reqForms.min.js$script,domain=indiamart.com",
    [
      1040747
    ]
  ],
  [
    "try.abtasty.com$domain=leparisien.fr",
    [
      1040748
    ]
  ],
  [
    "/Action-Subscribe$domain=naturalnews.com",
    [
      1040749
    ]
  ],
  [
    "/sharing/popover.js$domain=mymemory.co.uk",
    [
      1040750
    ]
  ],
  [
    "/popup/tsr$domain=superyachtnews.com",
    [
      1040751
    ]
  ],
  [
    "/simpleSignupManager.chunk.js$domain=manning.com",
    [
      1040752
    ]
  ],
  [
    "cdn-promote.weebly.com$domain=weebly.com",
    [
      1040753
    ]
  ],
  [
    "/acquisition-tag.js$domain=latribune.fr",
    [
      1040754
    ]
  ],
  [
    "/pharmapopin/*$domain=pharmasimple.com",
    [
      1040755
    ]
  ],
  [
    "/crm.js$domain=fujifilm-x.com",
    [
      1040756
    ]
  ],
  [
    "/sven_daspopup/*$domain=adler-farbenmeister.com",
    [
      1040757
    ]
  ],
  [
    "/PopupNewsletter/GetLayer$domain=yoox.com",
    [
      1040758
    ]
  ],
  [
    "/emailcollection/*$domain=motorsport.com",
    [
      1040759
    ]
  ],
  [
    "/popoverv2.js*$domain=britishcornershop.co.uk",
    [
      1040760
    ]
  ],
  [
    "/fp-web-flyout-widget.min.js^$domain=getfirepush.com",
    [
      1040761
    ]
  ],
  [
    "/tingle.$domain=arcade1up.com",
    [
      1040762
    ]
  ],
  [
    "||tinypass.com/api/tinypass.min.js^$domain=technologyreview.com",
    [
      1040763
    ]
  ],
  [
    "/SysConsentComponent.js$domain=netpeak.net",
    [
      1040764
    ]
  ],
  [
    "||safetyfirstaid.co.uk/ajx_newsletter",
    [
      1040765
    ]
  ],
  [
    "/uael-modal-popup.$domain=ackerwines.com",
    [
      1040766
    ]
  ],
  [
    "||cdn.p-n.io/pushly$script",
    [
      1040767
    ]
  ],
  [
    "||app3.emlgrid.com/static/sm.js$script",
    [
      1040768
    ]
  ],
  [
    "webpush-desktop.chunk.js",
    [
      1040769
    ]
  ],
  [
    "||push4site.com/Static/Script/$script",
    [
      1040770
    ]
  ],
  [
    "cdn.ghostmonitor.com",
    [
      1040771
    ]
  ],
  [
    "notify.hindustantimes.com",
    [
      1040772
    ]
  ],
  [
    "webpush.interia.pl",
    [
      1040773
    ]
  ],
  [
    ".izooto.com/scripts",
    [
      1040774
    ]
  ],
  [
    "js.pusher.com$domain=~itv.com|~lickd.co|~foliohd.com",
    [
      1040775
    ]
  ],
  [
    "||push-ad.com/integration.php$script",
    [
      1040776
    ]
  ],
  [
    "||cdn.pushassist.com/account/assets/$script",
    [
      1040777
    ]
  ],
  [
    "||gadgets.ndtv.com/static/desktop/js/notification_popup-min.js$script",
    [
      1040778
    ]
  ],
  [
    "pusherism.com",
    [
      1040779
    ]
  ],
  [
    "pushnest.com",
    [
      1040780
    ]
  ],
  [
    "||getpushmonkey.com/sdk/config$script",
    [
      1040781
    ]
  ],
  [
    "||cdn.onesignal.com/sdks$script",
    [
      1040782
    ]
  ],
  [
    "||pushpushgo.com/js$script",
    [
      1040783
    ]
  ],
  [
    "cdn.sendpulse.com$domain=~movie4k.eu",
    [
      1040784
    ]
  ],
  [
    "||salesmanago.pl/static/sm.js$script",
    [
      1040785
    ]
  ],
  [
    "cdn.pushcrew.com",
    [
      1040786
    ]
  ],
  [
    "/streamlined-push-plugin.production.min.js",
    [
      1040787
    ]
  ],
  [
    "app.push-ad.com",
    [
      1040788
    ]
  ],
  [
    "/pushnotification/service-worker-script.js",
    [
      1040789
    ]
  ],
  [
    "/sp-push-worker.js",
    [
      1040790
    ]
  ],
  [
    "95p5qep4aq.com",
    [
      1040791
    ]
  ],
  [
    "||snrcdn.net/sdk/$script",
    [
      1040792
    ]
  ],
  [
    "via.batch.com",
    [
      1040793
    ]
  ],
  [
    "||wonderpush.com/sdk/$script",
    [
      1040794
    ]
  ],
  [
    "clientcdn.pushengage.com",
    [
      1040795
    ]
  ],
  [
    "||web-sdk.urbanairship.com/notify/$script",
    [
      1040796
    ]
  ],
  [
    "api.sociaplus.com",
    [
      1040797
    ]
  ],
  [
    "/plugins/tmx-push/*",
    [
      1040798
    ]
  ],
  [
    "/firebase-messaging.js$domain=~dn.pt|~jn.pt",
    [
      1040799
    ]
  ],
  [
    "pushno.com",
    [
      1040800
    ]
  ],
  [
    "pushwhy.com",
    [
      1040801
    ]
  ],
  [
    "pushame.com",
    [
      1040802
    ]
  ],
  [
    "||voirfilms.ws/sw.js$script",
    [
      1040803
    ]
  ],
  [
    "||siteswithcontent.com/js/push$script",
    [
      1040804
    ]
  ],
  [
    "||cdn.moengage.com/webpush$script",
    [
      1040805
    ]
  ],
  [
    "||brandflow.net/static/general/push-init-code.js$script",
    [
      1040806
    ]
  ],
  [
    "||cleverpush.com/channel/loader$script",
    [
      1040807
    ]
  ],
  [
    "||static.getback.ch/clients$script",
    [
      1040808
    ]
  ],
  [
    "/PushNotifications.",
    [
      1040809
    ]
  ],
  [
    "cdn.pushowl.com",
    [
      1040810
    ]
  ],
  [
    "||accengage.net/pushweb/$script",
    [
      1040811
    ]
  ],
  [
    "||cdn.foxpush.net/sdk/foxpush_SDK$script",
    [
      1040812
    ]
  ],
  [
    "||js.appboycdn.com/web-sdk/$script",
    [
      1040813
    ]
  ],
  [
    "||cdn.taboola.com/libtrc/tmg-network/loader.js$script",
    [
      1040814
    ]
  ],
  [
    "/js/push_subscription.js",
    [
      1040815
    ]
  ],
  [
    "||pushwoosh.com/webpush$script",
    [
      1040816
    ]
  ],
  [
    "push_service-worker.js",
    [
      1040817
    ]
  ],
  [
    "0_ghpush_client.js",
    [
      1040818
    ]
  ],
  [
    "||pastoupt.com/ntfc.php$script",
    [
      1040819
    ]
  ],
  [
    "||pushsar.com/ntfc.php$script",
    [
      1040820
    ]
  ],
  [
    "sdk.jeeng.com",
    [
      1040821
    ]
  ],
  [
    "||d3bo67muzbfgtl.cloudfront.net/edrone$script",
    [
      1040822
    ]
  ],
  [
    "||admessage.support/system_domain.js$script",
    [
      1040823
    ]
  ],
  [
    "/push/js/sdk/insider-push-native-sdk.js",
    [
      1040824
    ]
  ],
  [
    "pharance.com",
    [
      1040825
    ]
  ],
  [
    "||pushance.com/ntfc.php$script",
    [
      1040826
    ]
  ],
  [
    "||tattepush.com/push.js$script",
    [
      1040827
    ]
  ],
  [
    ".contentsitesrv.com/js/push",
    [
      1040828
    ]
  ],
  [
    "||jattepush.com/push.js$script",
    [
      1040829
    ]
  ],
  [
    "||pushanert.com/ntfc.php$script",
    [
      1040830
    ]
  ],
  [
    "/web-push/init.min.js$domain=~finanzen.ch|~finanzen.net|~finanzen.at",
    [
      1040831
    ]
  ],
  [
    "||aimtell.com/trackpush/trackpush.min.js$script",
    [
      1040832
    ]
  ],
  [
    "||hmcfront.akamaized.net/hd/extra/assets/www/notification.$script",
    [
      1040833
    ]
  ],
  [
    "/webpush.js",
    [
      1040834
    ]
  ],
  [
    "||youlead.pl/ylwebpush.js$script",
    [
      1040835
    ]
  ],
  [
    "push.delivery.ethinking.de",
    [
      1040836
    ]
  ],
  [
    "/web-push.js",
    [
      1040837
    ]
  ],
  [
    "||freeclick.me/?pu=$script",
    [
      1040838
    ]
  ],
  [
    "||cdn.pushalert.co/integrate$script",
    [
      1040839
    ]
  ],
  [
    "||cdn.gravitec.net/storage$script",
    [
      1040840
    ]
  ],
  [
    ".izooto.com/optin",
    [
      1040841
    ]
  ],
  [
    "cdn.qgraph.io",
    [
      1040842
    ]
  ],
  [
    "sw.wpush.org",
    [
      1040843
    ]
  ],
  [
    "||cdn.pn.vg/c/ig/pushnews.min.js$script",
    [
      1040844
    ]
  ],
  [
    "||subscribers.com/assets/subscribers.js$script",
    [
      1040845
    ]
  ],
  [
    "/webpush-loader.js",
    [
      1040846
    ]
  ],
  [
    "app.wigzo.com",
    [
      1040847
    ]
  ],
  [
    "app.getbeamer.com",
    [
      1040848
    ]
  ],
  [
    "api.signalize.com",
    [
      1040849
    ]
  ],
  [
    "cdn.letreach.com",
    [
      1040850
    ]
  ],
  [
    "gg.faromen.online",
    [
      1040851
    ]
  ],
  [
    "/js/webpushr.app",
    [
      1040852
    ]
  ],
  [
    "||pushwoosh.com/json$script",
    [
      1040853
    ]
  ],
  [
    "||pushpushgo.com/scripts$script",
    [
      1040854
    ]
  ],
  [
    "||hrbpark.bid/pushJs$script",
    [
      1040855
    ]
  ],
  [
    "||webpushs.com/js/push$script",
    [
      1040856
    ]
  ],
  [
    "wwopenclick.space",
    [
      1040857
    ]
  ],
  [
    "iss.shopimind.com",
    [
      1040858
    ]
  ],
  [
    "||cdn.pn.vg/push$script",
    [
      1040859
    ]
  ],
  [
    "/webpush-production.js",
    [
      1040860
    ]
  ],
  [
    "cdn.notifyvisitors.com",
    [
      1040861
    ]
  ],
  [
    "||cdn.webpushr.com/app$script",
    [
      1040862
    ]
  ],
  [
    "t2.netsalesmedia.pl",
    [
      1040863
    ]
  ],
  [
    "api.pushnami.com",
    [
      1040864
    ]
  ],
  [
    "/OneSignalSDK",
    [
      1040865
    ]
  ],
  [
    "||aswpsdkus.com/notify$script",
    [
      1040866
    ]
  ],
  [
    "/web-push-notification.js",
    [
      1040867
    ]
  ],
  [
    "/nano-webpush-ui",
    [
      1040868
    ]
  ],
  [
    "cdn.pushmaster-cdn.xyz",
    [
      1040869
    ]
  ],
  [
    "cdn.netmera-web.com",
    [
      1040870
    ]
  ],
  [
    "/smio-push-notification/*",
    [
      1040871
    ]
  ],
  [
    "/BildirtSDKfiles.js",
    [
      1040872
    ]
  ],
  [
    "cdn.onepush.app",
    [
      1040873
    ]
  ],
  [
    "||truepush.com/sdk$script",
    [
      1040874
    ]
  ],
  [
    "||assets.emarsys.net/web-emarsys-sdk/*$script",
    [
      1040875
    ]
  ],
  [
    "||notifpush.com/scripts$script",
    [
      1040876
    ]
  ],
  [
    "||js.smct.io/*/notifications*$script",
    [
      1040877
    ]
  ],
  [
    "push/push*$script",
    [
      1040878
    ]
  ],
  [
    "||pushwoosh.com^",
    [
      1040879
    ]
  ],
  [
    "/pushnotifications^",
    [
      1040880
    ]
  ],
  [
    "||sendsay.ru/backend/push/*",
    [
      1040881
    ]
  ],
  [
    "/social_push_notifications/*",
    [
      1040882
    ]
  ],
  [
    "||pushpanda.io^$third-party",
    [
      1040883
    ]
  ],
  [
    "||potisni.me/js/enable-push.js$third-party",
    [
      1040884
    ]
  ],
  [
    "/_pushAllow.js",
    [
      1040885
    ]
  ],
  [
    "/clevertap.min.js",
    [
      1040886
    ]
  ],
  [
    "plugins/tfnotifier-wp/*",
    [
      1040887
    ]
  ],
  [
    "messaging/webpush*",
    [
      1040888
    ]
  ],
  [
    "/service-webpush-firebase.js",
    [
      1040889
    ]
  ],
  [
    "/js/push.js",
    [
      1040890
    ]
  ],
  [
    "/notification.*.js$domain=~qudosbank.com.au|~myhealth.va.gov|~costco.ca|~costco.com",
    [
      1040891
    ]
  ],
  [
    "@@||notification.dmm.co.jp$script",
    [
      1040892
    ]
  ],
  [
    "||notix.io^$third-party",
    [
      1040893
    ]
  ],
  [
    "||pushouse.com^$third-party",
    [
      1040894
    ]
  ],
  [
    "||yottlyscript.com/push/*",
    [
      1040895
    ]
  ],
  [
    "/wzrk_dialog.min.js",
    [
      1040896
    ]
  ],
  [
    "||gr-cdn-e.eu/*/push-notification^$script",
    [
      1040897
    ]
  ],
  [
    "||dengage.com^$third-party",
    [
      1040898
    ]
  ],
  [
    "||larapush.com^$third-party",
    [
      1040899
    ]
  ],
  [
    "/sw.js$domain=pinterest.com",
    [
      1040900
    ]
  ],
  [
    "/public/spartanien/js/sw_handler$domain=spartanien.de",
    [
      1040901
    ]
  ],
  [
    "/pushes/notification.js$domain=rt.com",
    [
      1040902
    ]
  ],
  [
    "/js/subscriber$domain=mitula.pt",
    [
      1040903
    ]
  ],
  [
    "/firebase.js$domain=alibaba.com",
    [
      1040904
    ]
  ],
  [
    "/sw.js$domain=1337x.is",
    [
      1040905
    ]
  ],
  [
    "/sw.js$domain=1337x.to",
    [
      1040906
    ]
  ],
  [
    "/push-main-min.js$domain=ndtv.com",
    [
      1040907
    ]
  ],
  [
    "/js/adNotice.js$domain=hardwarezone.com.sg",
    [
      1040908
    ]
  ],
  [
    "/push/*$domain=tut.by",
    [
      1040909
    ]
  ],
  [
    "/firebase.min.js$domain=azoresgetaways.com",
    [
      1040910
    ]
  ],
  [
    "/firebase.js$domain=tribunavalladolid.com",
    [
      1040911
    ]
  ],
  [
    "client-.js$domain=hoerbuch.us",
    [
      1040912
    ]
  ],
  [
    "/js/a.js$domain=allevents.in",
    [
      1040913
    ]
  ],
  [
    "notifi.min.js$domain=antyradio.pl",
    [
      1040914
    ]
  ],
  [
    "/app.js$domain=lightinthebox.com",
    [
      1040915
    ]
  ],
  [
    "/min/js/sw/*$domain=sputniknews.com",
    [
      1040916
    ]
  ],
  [
    "/clientt.js$domain=cript.to",
    [
      1040917
    ]
  ],
  [
    "wsNotification.js$domain=wondershare.com",
    [
      1040918
    ]
  ],
  [
    "||tags.tiqcdn.com/utag$script,domain=national-lottery.co.uk",
    [
      1040919
    ]
  ],
  [
    "/notification-topics.js^$domain=winnipegfreepress.com",
    [
      1040920
    ]
  ],
  [
    "nebula-cdn.kampyle.com",
    [
      1040921
    ]
  ],
  [
    "||turbo.qualaroo.com/c.js$script",
    [
      1040922
    ]
  ],
  [
    "||scripts.psyma.com/layer_question$script",
    [
      1040923
    ]
  ],
  [
    "w.usabilla.com",
    [
      1040924
    ]
  ],
  [
    "||static.hotjar.com/c/hotjar$script",
    [
      1040925
    ]
  ],
  [
    "||scripts.psyma.com/html/layer/json_question.php$script",
    [
      1040926
    ]
  ],
  [
    "||visualwebsiteoptimizer.com/va_survey$script",
    [
      1040927
    ]
  ],
  [
    "gateway.answerscloud.com",
    [
      1040928
    ]
  ],
  [
    "st.getsitecontrol.com",
    [
      1040929
    ]
  ],
  [
    "||survey.g.doubleclick.net/survey$script",
    [
      1040930
    ]
  ],
  [
    "/opiniac.js",
    [
      1040931
    ]
  ],
  [
    "||ssl.ceneo.pl/shops/$script",
    [
      1040932
    ]
  ],
  [
    "||cloud.netquest.sk/scripts/widget$script",
    [
      1040933
    ]
  ],
  [
    "||storage.googleapis.com/outfox/ocs/surveys/$script",
    [
      1040934
    ]
  ],
  [
    "||kameleoon.eu/kameleoon.js$script",
    [
      1040935
    ]
  ],
  [
    "||invitation.opinionbar.com/wit/popups$script",
    [
      1040936
    ]
  ],
  [
    "||neads.delivery/opinion-seed-embed.js$script",
    [
      1040937
    ]
  ],
  [
    "||collect.mopinion.com/assets/surveys/$script",
    [
      1040938
    ]
  ],
  [
    "/runtimejs/dist/survey/js/survey.js$domain=~alchemer.eu",
    [
      1040939
    ]
  ],
  [
    "||surveygizmobeacon.s3.amazonaws.com/beaconconfigs/$script",
    [
      1040940
    ]
  ],
  [
    "||cpx.smind.hr/Log/LogData$script",
    [
      1040941
    ]
  ],
  [
    "||widget.surveymonkey.com/collect$script,domain=~onboarding.italki.com",
    [
      1040942
    ]
  ],
  [
    "||cdn.feedbackify.com/f.js$script",
    [
      1040943
    ]
  ],
  [
    "||invitation.opinionbar.com/popups$script",
    [
      1040944
    ]
  ],
  [
    "/bundles/Scripts/OpinionLab.js",
    [
      1040945
    ]
  ],
  [
    "||survey.nuggad.net/c/layer-html$script",
    [
      1040946
    ]
  ],
  [
    "||ips-invite.iperceptions.com/invitations$script",
    [
      1040947
    ]
  ],
  [
    "/oo_engine.min.js",
    [
      1040948
    ]
  ],
  [
    "||userzoom.com/feedback$script",
    [
      1040949
    ]
  ],
  [
    "||invite.leanlab.co/invite/invite.js$script",
    [
      1040950
    ]
  ],
  [
    "||userreport.com/newsquest/launcher.js$script",
    [
      1040951
    ]
  ],
  [
    "siteintercept.qualtrics.com",
    [
      1040952
    ]
  ],
  [
    "||sandsiv.com/digi_runner.js?surveyId$script",
    [
      1040953
    ]
  ],
  [
    "||digitalfeedback.euro.confirmit.com/api$script",
    [
      1040954
    ]
  ],
  [
    "||taskanalytics.com/tm.js$script",
    [
      1040955
    ]
  ],
  [
    "popup.designtutkimus.fi",
    [
      1040956
    ]
  ],
  [
    "||guitaretab.com/static/js/hats$script",
    [
      1040957
    ]
  ],
  [
    "/v1/survey_invite.min.js",
    [
      1040958
    ]
  ],
  [
    "||app.alpheid.com/js/marketing_automation$script",
    [
      1040959
    ]
  ],
  [
    "||siteimproveanalytics.com/js/siteanalyze$script",
    [
      1040960
    ]
  ],
  [
    "||cdn.judge.me/shopify_v2.js$script",
    [
      1040961
    ]
  ],
  [
    "||static.yourcx.io/customers$script",
    [
      1040962
    ]
  ],
  [
    "||webankieta.pl/scripts/widget$script",
    [
      1040963
    ]
  ],
  [
    "popin.survey-xact.dk",
    [
      1040964
    ]
  ],
  [
    "||myaudience.de/sv/rifflejs.php$script",
    [
      1040965
    ]
  ],
  [
    "||survey.survicate.com/workspaces$script",
    [
      1040966
    ]
  ],
  [
    "||tryinteract.com/promotions/init.js$script",
    [
      1040967
    ]
  ],
  [
    "||scripts.psyma.com/scripts$script",
    [
      1040968
    ]
  ],
  [
    "||surveygizmo.eu/runtimejs/intercept$script",
    [
      1040969
    ]
  ],
  [
    "widgets.opinary.com",
    [
      1040970
    ]
  ],
  [
    "||uxfeedback.ru/widget.js$script",
    [
      1040971
    ]
  ],
  [
    "||e-satisfaction.com/dist/js/integration$script",
    [
      1040972
    ]
  ],
  [
    "||gateway.foresee.com$third-party",
    [
      1040973
    ]
  ],
  [
    "/vendor/opinionlab/*$domain=lenovo.com",
    [
      1040974
    ]
  ],
  [
    "survey.js$domain=medier24.no",
    [
      1040975
    ]
  ],
  [
    "/components-nps-survey$domain=spanishdict.com",
    [
      1040976
    ]
  ],
  [
    "ExitIntentModal.js$domain=stepstone.de",
    [
      1040977
    ]
  ],
  [
    "/surveys/*$domain=europa.eu",
    [
      1040978
    ]
  ],
  [
    "||visitor.reactful.com/dist/main$script",
    [
      1040979
    ]
  ],
  [
    "/popup/puppy.js$domain=sueddeutsche.de",
    [
      1040980
    ]
  ],
  [
    "||userreport.com/aperitif/launcher.js",
    [
      1040981
    ]
  ],
  [
    "||apps.veedio.it/js/videobox$script",
    [
      1040982
    ]
  ],
  [
    "/responsive-player/video-feature-sticky.js",
    [
      1040983
    ]
  ],
  [
    "||s-pt.ppstatic.pl/p/js/regionalne/plywajace_wideo.js$script",
    [
      1040984
    ]
  ],
  [
    "/js/compiled/atoms/article/sticky-video.js",
    [
      1040985
    ]
  ],
  [
    "||sdk.digitalbees.it/jssdk.js$script",
    [
      1040986
    ]
  ],
  [
    "||live.sekindo.com/live/liveView.php$script",
    [
      1040987
    ]
  ],
  [
    "||c.jsrdn.com/s/cs.js$script",
    [
      1040988
    ]
  ],
  [
    "||playwire.com/plugins/docky.min.js$script",
    [
      1040989
    ]
  ],
  [
    "||cdn.connatix.com/min/connatix.renderer.infeed.min.js$script",
    [
      1040990
    ]
  ],
  [
    "||ultimedia.com/api/widget/smart$script",
    [
      1040991
    ]
  ],
  [
    "||stream.playbuzz.com/embed/sdk.js$script",
    [
      1040992
    ]
  ],
  [
    "||delivery.youplay.se/load.js$script",
    [
      1040993
    ]
  ],
  [
    "embed.sendtonews.com",
    [
      1040994
    ]
  ],
  [
    "/wp-content/plugins/pmc-plugins/pmc-adm/*",
    [
      1040995
    ]
  ],
  [
    "||services.brid.tv/player$script",
    [
      1040996
    ]
  ],
  [
    "||mgid.com/js/wglibs/mgWidget$script",
    [
      1040997
    ]
  ],
  [
    "/stn-player.js$domain=titantv.com",
    [
      1040998
    ]
  ],
  [
    "||vplayer.enthusiastgaming.com/player/build/plugins/slideinview/*",
    [
      1040999
    ]
  ],
  [
    "/mol-adverts-delayed.js$domain=dailymail.co.uk",
    [
      1041000
    ]
  ],
  [
    "/twocol_article_autoplay/*$domain=belfasttelegraph.co.uk",
    [
      1041001
    ]
  ],
  [
    "players.brightcove.net$domain=uproxx.com",
    [
      1041002
    ]
  ],
  [
    "/coronaWidget5/*$domain=ibtimes.sg",
    [
      1041003
    ]
  ]
]